
> taskflow-pro-frontend@1.0.0 test
> vitest


[7m[1m[34m DEV [39m[22m[27m [34mv1.6.1[39m [90mF:/TaskFlow Pro/frontend[39m

 [32mΓ£ô[39m src/components/tasks/FileUploadZone.test.jsx [2m ([22m[2m2 tests[22m[2m)[22m[90m 213[2mms[22m[39m
 [32mΓ£ô[39m src/components/tasks/TimeTracker.test.jsx [2m ([22m[2m3 tests[22m[2m)[22m[33m 878[2mms[22m[39m
 [32mΓ£ô[39m src/components/tasks/SubtaskList.test.jsx [2m ([22m[2m4 tests[22m[2m)[22m[33m 1381[2mms[22m[39m
 [33mΓ¥»[39m src/__tests__/BoardView.test.jsx [2m ([22m[2m2 tests[22m [2m|[22m [31m2 failed[39m[2m)[22m[33m 17930[2mms[22m[39m
[31m   [33mΓ¥»[31m src/__tests__/BoardView.test.jsx[2m > [22mBoardView[2m > [22mrenders all 4 status columns[39m
[31m     ΓåÆ Test timed out in 5000ms.
If this is a long-running test, pass a timeout value as the last argument or configure it globally with "testTimeout".[39m
[31m   [33mΓ¥»[31m src/__tests__/BoardView.test.jsx[2m > [22mBoardView[2m > [22mrenders task titles within columns[39m
[31m     ΓåÆ Found multiple elements with the text: Todo Task

Here are the matching elements:

Ignored nodes: comments, script, style
[36m<p[31m
  [33mclass[31m=[32m"MuiTypography-root MuiTypography-body2 css-182xtib-MuiTypography-root"[31m
[36m>[31m
  [0mTodo Task[0m
[36m</p>[31m

Ignored nodes: comments, script, style
[36m<p[31m
  [33mclass[31m=[32m"MuiTypography-root MuiTypography-body2 css-182xtib-MuiTypography-root"[31m
[36m>[31m
  [0mTodo Task[0m
[36m</p>[31m

(If this is intentional, then use the `*AllBy*` variant of the query (like `queryAllByText`, `getAllByText`, or `findAllByText`)).

Ignored nodes: comments, script, style
[36m<body>[31m
  [36m<div>[31m
    [36m<div[31m
      [33mclass[31m=[32m"MuiBox-root css-l14xjf"[31m
    [36m>[31m
      [36m<div[31m
        [33mclass[31m=[32m"MuiBox-root css-xmakoe"[31m
      [36m>[31m
        [36m<div[31m
          [33mclass[31m=[32m"MuiBox-root css-6fjwu3"[31m
        [36m>[31m
          [36m<div[31m
            [33mclass[31m=[32m"MuiBox-root css-axw7ok"[31m
          [36m>[31m
            [36m<div[31m
              [33mclass[31m=[32m"MuiBox-root css-1jivmam"[31m
            [36m/>[31m
            [36m<h6[31m
              [33mclass[31m=[32m"MuiTypography-root MuiTypography-subtitle2 css-zdy50j-MuiTypography-root"[31m
            [36m>[31m
              [0mTo Do[0m
            [36m</h6>[31m
            [36m<span[31m
              [33mclass[31m=[32m"MuiTypography-root MuiTypography-caption css-14ryq0q-MuiTypography-root"[31m
            [36m>[31m
              [0m1[0m
            [36m</span>[31m
          [36m</div>[31m
        [36m</div>[31m
        [36m<hr[31m
          [33mclass[31m=[32m"MuiDivider-root MuiDivider-fullWidth css-1iitmmk-MuiDivider-root"[31m
        [36m/>[31m
        [36m<div[31m
          [33mclass[31m=[32m"MuiBox-root css-5yjfa3"[31m
        [36m>[31m
          [36m<div[31m
            [33mclass[31m=[32m"MuiPaper-root MuiPaper-outlined MuiPaper-rounded MuiCard-root css-1by92px-MuiPaper-root-MuiCard-root"[31m
            [33mdata-priority[31m=[32m"LOW"[31m
            [33mdata-testid[31m=[32m"task-card-1"[31m
          [36m>[31m
            [36m<button[31m
              [33mclass[31m=[32m"MuiButtonBase-root MuiCardActionArea-root css-1oitmrd-MuiButtonBase-root-MuiCardActionArea-root"[31m
              [33mtabindex[31m=[32m"0"[31m
              [33mtype[31m=[32m"button"[31m
            [36m>[31m
              [36m<div[31m
                [33mclass[31m=[32m"MuiCardContent-root css-14ldqu5-MuiCardContent-root"[31m
              [36m>[31m
                [36m<p[31m
                  [33mclass[31m=[32m"MuiTypography-root MuiTypography-body2 css-182xtib-MuiTypography-root"[31m
                [36m>[31m
                  [0mTodo Task[0m
                [36m</p>[31m
                [36m<div[31m
                  [33mclass[31m=[32m"MuiBox-root css-1lekzkb"[31m
                [36m>[31m
                  [36m<div[31m
                    [33mclass[31m=[32m"MuiBox-root css-axw7ok"[31m
                  [36m/>[31m
                [36m</div>[31m
              [36m</div>[31m
              [36m<span[31m
                [33mclass[31m=[32m"MuiCardActionArea-focusHighlight css-1v2exvi-MuiCardActionArea-focusHighlight"[31m
              [36m/>[31m
              [36m<span[31m
                [33mclass[31m=[32m"MuiTouchRipple-root css-8je8zh-MuiTouchRipple-root"[31m
              [36m/>[31m
            [36m</button>[31m
          [36m</div>[31m
        [36m</div>[31m
      [36m</div>[31m
      [36m<div[31m
        [33mclass[31m=[32m"MuiBox-root css-xmakoe"[31m
      [36m>[31m
        [36m<div[31m
          [33mclass[31m=[32m"MuiBox-root css-6fjwu3"[31m
        [36m>[31m
          [36m<div[31m
            [33mclass[31m=[32m"MuiBox-root css-axw7ok"[31m
          [36m>[31m
            [36m<div[31m
              [33mclass[31m=[32m"MuiBox-root css-7etmhr"[31m
            [36m/>[31m
            [36m<h6[31m
              [33mclass[31m=[32m"MuiTypography-root MuiTypography-subtitle2 css-zdy50j-MuiTypography-root"[31m
            [36m>[31m
              [0mIn Progress[0m
            [36m</h6>[31m
            [36m<span[31m
              [33mclass[31m=[32m"MuiTypography-root MuiTypography-caption css-14ryq0q-MuiTypography-root"[31m
            [36m>[31m
              [0m1[0m
            [36m</span>[31m
          [36m</div>[31m
        [36m</div>[31m
        [36m<hr[31m
          [33mclass[31m=[32m"MuiDivider-root MuiDivider-fullWidth css-1iitmmk-MuiDivider-root"[31m
        [36m/>[31m
        [36m<div[31m
          [33mclass[31m=[32m"MuiBox-root css-5yjfa3"[31m
        [36m>[31m
          [36m<div[31m
            [33mclass[31m=[32m"MuiPaper-root MuiPaper-outlined MuiPaper-rounded MuiCard-root css-1h0fjtc-MuiPaper-root-MuiCard-root"[31m
            [33mdata-priority[31m=[32m"MEDIUM"[31m
            [33mdata-testid[31m=[32m"task-card-2"[31m
          [36m>[31m
            [36m<button[31m
              [33mclass[31m=[32m"MuiButtonBase-root MuiCardActionArea-root css-1oitmrd-MuiButtonBase-root-MuiCardActionArea-root"[31m
              [33mtabindex[31m=[32m"0"[31m
              [33mtype[31m=[32m"button"[31m
            [36m>[31m
              [36m<div[31m
                [33mclass[31m=[32m"MuiCardContent-root css-14ldqu5-MuiCardContent-root"[31m
              [36m>[31m
                [36m<p[31m
                  [33mclass[31m=[32m"MuiTypography-root MuiTypography-body2 css-182xtib-MuiTypography-root"[31m
                [36m>[31m
                  [0mIn Progress Task[0m
                [36m</p>[31m
                [36m<div[31m
                  [33mclass[31m=[32m"MuiBox-root css-1lekzkb"[31m
                [36m>[31m
                  [36m<div[31m
                    [33mclass[31m=[32m"MuiBox-root css-axw7ok"[31m
                  [36m/>[31m
                [36m</div>[31m
              [36m</div>[31m
              [36m<span[31m
                [33mclass[31m=[32m"MuiCardActionArea-focusHighlight css-1v2exvi-MuiCardActionArea-focusHighlight"[31m
              [36m/>[31m
              [36m<span[31m
                [33mclass[31m=[32m"MuiTouchRipple-root css-8je8zh-MuiTouchRipple-root"[31m
              [36m/>[31m
            [36m</button>[31m
          [36m</div>[31m
        [36m</div>[31m
      [36m</div>[31m
      [36m<div[31m
        [33mclass[31m=[32m"MuiBox-root css-xmakoe"[31m
      [36m>[31m
        [36m<div[31m
          [33mclass[31m=[32m"MuiBox-root css-6fjwu3"[31m
        [36m>[31m
          [36m<div[31m
            [33mclass[31m=[32m"MuiBox-root css-axw7ok"[31m
          [36m>[31m
            [36m<div[31m
              [33mclass[31m=[32m"MuiBox-root css-1szq9tc"[31m
            [36m/>[31m
            [36m<h6[31m
              [33mclass[31m=[32m"MuiTypography-root MuiTypography-subtitle2 css-zdy50j-MuiTypography-root"[31m
            [36m>[31m
              [0mIn Review[0m
            [36m</h6>[31m
            [36m<span[31m
              [33mclass[31m=[32m"MuiTypography-root MuiTypography-caption css-14ryq0q-MuiTypography-root"[31m
            [36m>[31m
              [0m1[0m
            [36m</span>[31m
          [36m</div>[31m
        [36m</div>[31m
        [36m<hr[31m
          [33mclass[31m=[32m"MuiDivider-root MuiDivider-fullWidth css-1iitmm...[39m
 [32mΓ£ô[39m src/__tests__/TaskCard.test.jsx [2m ([22m[2m3 tests[22m[2m)[22m[33m 320[2mms[22m[39m
 [33mΓ¥»[39m src/__tests__/NotificationBell.test.jsx [2m ([22m[2m2 tests[22m [2m|[22m [31m1 failed[39m[2m)[22m[33m 18223[2mms[22m[39m
[31m   [33mΓ¥»[31m src/__tests__/NotificationBell.test.jsx[2m > [22mNotificationBell[2m > [22mrenders the bell icon[39m
[31m     ΓåÆ Test timed out in 5000ms.
If this is a long-running test, pass a timeout value as the last argument or configure it globally with "testTimeout".[39m
 [32mΓ£ô[39m src/__tests__/LoginPage.test.jsx [2m ([22m[2m3 tests[22m[2m)[22m[33m 18406[2mms[22m[39m

[2m Test Files [22m [1m[31m2 failed[39m[22m[2m | [22m[1m[32m5 passed[39m[22m[90m (7)[39m
[2m      Tests [22m [1m[31m3 failed[39m[22m[2m | [22m[1m[32m16 passed[39m[22m[90m (19)[39m
[2m   Start at [22m 11:18:13
[2m   Duration [22m 22.57s[2m (transform 524ms, setup 2.02s, collect 31.21s, tests 57.35s, environment 13.52s, prepare 2.62s)[22m


[1m[7m[31m FAIL [39m[27m[22m[31m Tests failed. Watching for file changes...[39m
       [2mpress [22m[1mh[22m[2m to show help[22m[2m, [22m[2mpress [22m[1mq[22m[2m to quit[22m
[31mCancelling test run. Press CTRL+c again to exit forcefully.
[39m
